  3      [A]         .
  2          [B] [C] .
  1 v                .
  0       *          .
