 10                      [E] .
  9                          .
  8                  ]D[     .
  7       *                  .
  6 v                        .
  5 ^ v   *                  .
  4                          .
  3       *                  .
  2          ]B[             .
  1 v                        .
  0      [A]      *   *   *  .
 -1 ^                 *   *  .
 -2              [C]  *      .
