  3       *      .
  2          [B] .
  1              .
  0      [A]     .
